[    0.000000] Booting Linux on physical CPU 0x0000000000 [0x410fd034]
[    0.000000] Linux version 5.10.0-openeuler (oe-user@oe-host) (aarch64-openeuler-linux-gnu-gcc (crosstool-NG 1.26.0) 12.3.1 20230508, GNU ld (crosstool-NG 1.26.0) 2.41) #1 SMP PREEMPT Wed Jul 17 09:57:37 UTC 2024
[    0.000000] Machine model: linux,dummy-virt
[    0.000000] earlycon: pl11 at MMIO 0x0000000009000000 (options '')
[    0.000000] printk: bootconsole [pl11] enabled
[    0.000000] efi: UEFI not found.
[    0.000000] Zone ranges:
[    0.000000]   DMA      [mem 0x0000000040000000-0x000000007fffffff]
[    0.000000]   DMA32    empty
[    0.000000]   Normal   empty
[    0.000000] Movable zone start for each node
[    0.000000] Early memory node ranges
[    0.000000]   node   0: [mem 0x0000000040000000-0x000000007fffffff]
[    0.000000] Initmem setup node 0 [mem 0x0000000040000000-0x000000007fffffff]
[    0.000000] psci: probing for conduit method from DT.
[    0.000000] psci: PSCIv1.1 detected in firmware.
[    0.000000] psci: Using standard PSCI v0.2 function IDs
[    0.000000] psci: Trusted OS migration not required
[    0.000000] psci: SMC Calling Convention v1.0
[    0.000000] percpu: Embedded 29 pages/cpu s77912 r8192 d32680 u118784
[    0.000000] Detected VIPT I-cache on CPU0
[    0.000000] CPU features: detected: ARM erratum 845719
[    0.000000] CPU features: detected: GIC system register CPU interface
[    0.000000] CPU features: kernel page table isolation disabled by kernel configuration
[    0.000000] Built 1 zonelists, mobility grouping on.  Total pages: 258048
[    0.000000] Kernel command line: console=ttyAMA0,115200 earlycon=pl011,0x9000000 root=/dev/ram0 rw ip=dhcp modules-load=virtio_pci
[    0.000000] Dentry cache hash table entries: 131072 (order: 8, 1048576 bytes, linear)
[    0.000000] Inode-cache hash table entries: 65536 (order: 7, 524288 bytes, linear)
[    0.000000] mem auto-init: stack:off, heap alloc:off, heap free:off
[    0.000000] Memory: 946172K/1048576K available (5824K kernel code, 798K rwdata, 2100K rodata, 512K init, 1065K bss, 102404K reserved, 0K cma-reserved)
[    0.000000] SLUB: HWalign=64, Order=0-3, MinObjects=0, CPUs=2, Nodes=1
[    0.000000] kmemleak: Kernel memory leak detector disabled
[    0.000000] rcu: Preemptible hierarchical RCU implementation.
[    0.000000] rcu: 	RCU restricting CPUs from NR_CPUS=64 to nr_cpu_ids=2.
[    0.000000] 	Trampoline variant of Tasks RCU enabled.
[    0.000000] rcu: RCU calculated value of scheduler-enlistment delay is 10 jiffies.
[    0.000000] rcu: Adjusting geometry for rcu_fanout_leaf=16, nr_cpu_ids=2
[    0.000000] NR_IRQS: 64, nr_irqs: 64, preallocated irqs: 0
[    0.000000] GICv3: 256 SPIs implemented
[    0.000000] GICv3: 0 Extended SPIs implemented
[    0.000000] GICv3: Distributor has no Range Selector support
[    0.000000] GICv3: 16 PPIs implemented
[    0.000000] GICv3: CPU0: found redistributor 0 region 0:0x00000000080a0000
[    0.000000] ITS [mem 0x08080000-0x0809ffff]
[    0.000000] ITS@0x0000000008080000: allocated 8192 Devices @410b0000 (indirect, esz 8, psz 64K, shr 1)
[    0.000000] ITS@0x0000000008080000: allocated 8192 Interrupt Collections @410c0000 (flat, esz 8, psz 64K, shr 1)
[    0.000000] GICv3: using LPI property table @0x00000000410d0000
[    0.000000] GICv3: CPU0: using allocated LPI pending table @0x00000000410e0000
[    0.000000] rcu: 	Offload RCU callbacks from CPUs: (none).
[    0.000000] arch_timer: cp15 timer(s) running at 62.50MHz (virt).
[    0.000000] clocksource: arch_sys_counter: mask: 0x1ffffffffffffff max_cycles: 0x1cd42e208c, max_idle_ns: 881590405314 ns
[    0.000190] sched_clock: 57 bits at 62MHz, resolution 16ns, wraps every 4398046511096ns
[    0.005016] Calibrating delay loop (skipped), value calculated using timer frequency.. 125.00 BogoMIPS (lpj=625000)
[    0.005337] pid_max: default: 32768 minimum: 301
[    0.015063] LSM: Security Framework initializing
[    0.017084] Yama: becoming mindful.
[    0.019384] Mount-cache hash table entries: 2048 (order: 2, 16384 bytes, linear)
[    0.019836] Mountpoint-cache hash table entries: 2048 (order: 2, 16384 bytes, linear)
[    0.080584] /cpus/cpu-map: empty cluster
[    0.100236] rcu: Hierarchical SRCU implementation.
[    0.107430] Platform MSI: its@8080000 domain created
[    0.109506] PCI/MSI: /intc@8000000/its@8080000 domain created
[    0.110810] EFI services will not be available.
[    0.113909] smp: Bringing up secondary CPUs ...
[    0.122112] Detected VIPT I-cache on CPU1
[    0.122745] GICv3: CPU1: found redistributor 1 region 0:0x00000000080c0000
[    0.122907] GICv3: CPU1: using allocated LPI pending table @0x00000000410f0000
[    0.123273] CPU1: Booted secondary processor 0x0000000001 [0x410fd034]
[    0.127505] smp: Brought up 1 node, 2 CPUs
[    0.128037] SMP: Total of 2 processors activated.
[    0.128136] CPU features: detected: 32-bit EL0 Support
[    0.128240] CPU features: detected: CRC32 instructions
[    0.137518] CPU: All CPU(s) started at EL1
[    0.138627] alternatives: patching kernel code
[    0.191153] devtmpfs: initialized
[    0.215783] clocksource: jiffies: mask: 0xffffffff max_cycles: 0xffffffff, max_idle_ns: 19112604462750000 ns
[    0.216137] futex hash table entries: 512 (order: 3, 32768 bytes, linear)
[    0.220310] pinctrl core: initialized pinctrl subsystem
[    0.222482] DMI not present or invalid.
[    0.242284] kworker/u4:0 (24) used greatest stack depth: 14512 bytes left
[    0.243327] kworker/u4:0 (22) used greatest stack depth: 13184 bytes left
[    0.244289] NET: Registered protocol family 16
[    0.251116] DMA: preallocated 128 KiB GFP_KERNEL pool for atomic allocations
[    0.251484] DMA: preallocated 128 KiB GFP_KERNEL|GFP_DMA pool for atomic allocations
[    0.251679] DMA: preallocated 128 KiB GFP_KERNEL|GFP_DMA32 pool for atomic allocations
[    0.252715] audit: initializing netlink subsys (disabled)
[    0.256021] audit: type=2000 audit(0.220:1): state=initialized audit_enabled=0 res=1
[    0.275478] cpuidle: using governor ladder
[    0.276423] cpuidle: using governor menu
[    0.279362] hw-breakpoint: found 6 breakpoint and 4 watchpoint registers.
[    0.281353] ASID allocator initialised with 65536 entries
[    0.282359] Serial: AMBA PL011 UART driver
[    0.370370] 9000000.pl011: ttyAMA0 at MMIO 0x9000000 (irq = 47, base_baud = 0) is a PL011 rev1
[    0.371708] printk: console [ttyAMA0] enabled
[    0.371708] printk: console [ttyAMA0] enabled
[    0.372122] printk: bootconsole [pl11] disabled
[    0.372122] printk: bootconsole [pl11] disabled
[    0.450764] HugeTLB registered 1.00 GiB page size, pre-allocated 0 pages
[    0.450951] HugeTLB registered 32.0 MiB page size, pre-allocated 0 pages
[    0.451037] HugeTLB registered 2.00 MiB page size, pre-allocated 0 pages
[    0.451118] HugeTLB registered 64.0 KiB page size, pre-allocated 0 pages
[    0.477157] NetLabel: Initializing
[    0.477357] NetLabel:  domain hash size = 128
[    0.477436] NetLabel:  protocols = UNLABELED CIPSOv4 CALIPSO
[    0.478953] NetLabel:  unlabeled traffic allowed by default
[    0.484579] clocksource: Switched to clocksource arch_sys_counter
[    0.548241] VFS: Disk quotas dquot_6.6.0
[    0.548811] VFS: Dquot-cache hash table entries: 512 (order 0, 4096 bytes)
[    0.562476] NET: Registered protocol family 2
[    0.563646] IP idents hash table entries: 16384 (order: 5, 131072 bytes, linear)
[    0.571317] tcp_listen_portaddr_hash hash table entries: 512 (order: 1, 8192 bytes, linear)
[    0.571717] TCP established hash table entries: 8192 (order: 4, 65536 bytes, linear)
[    0.572020] TCP bind hash table entries: 8192 (order: 5, 131072 bytes, linear)
[    0.572327] TCP: Hash tables configured (established 8192 bind 8192)
[    0.573698] UDP hash table entries: 512 (order: 2, 16384 bytes, linear)
[    0.574018] UDP-Lite hash table entries: 512 (order: 2, 16384 bytes, linear)
[    0.575861] NET: Registered protocol family 1
[    0.576472] PCI: CLS 0 bytes, default 64
[    0.580458] Trying to unpack rootfs image as initramfs...
[    4.730350] Freeing initrd memory: 72648K
[    4.734623] hw perfevents: enabled with armv8_pmuv3 PMU driver, 7 counters available
[    4.744932] workingset: timestamp_bits=46 max_order=18 bucket_order=0
[    4.757169] squashfs: version 4.0 (2009/01/31) Phillip Lougher
[    4.757420] 9p: Installing v9fs 9p2000 file system support
[    4.759148] NET: Registered protocol family 38
[    4.760101] Block layer SCSI generic (bsg) driver version 0.4 loaded (major 250)
[    4.769372] pl061_gpio 9030000.pl061: PL061 GPIO chip registered
[    4.773566] pci-host-generic 4010000000.pcie: host bridge /pcie@10000000 ranges:
[    4.774352] pci-host-generic 4010000000.pcie:       IO 0x003eff0000..0x003effffff -> 0x0000000000
[    4.775268] pci-host-generic 4010000000.pcie:      MEM 0x0010000000..0x003efeffff -> 0x0010000000
[    4.775421] pci-host-generic 4010000000.pcie:      MEM 0x8000000000..0xffffffffff -> 0x8000000000
[    4.776186] pci-host-generic 4010000000.pcie: ECAM at [mem 0x4010000000-0x401fffffff] for [bus 00-ff]
[    4.777693] pci-host-generic 4010000000.pcie: PCI host bridge to bus 0000:00
[    4.778026] pci_bus 0000:00: root bus resource [bus 00-ff]
[    4.778412] pci_bus 0000:00: root bus resource [io  0x0000-0xffff]
[    4.778501] pci_bus 0000:00: root bus resource [mem 0x10000000-0x3efeffff]
[    4.778600] pci_bus 0000:00: root bus resource [mem 0x8000000000-0xffffffffff]
[    4.779889] pci 0000:00:00.0: [1b36:0008] type 00 class 0x060000
[    4.793012] Serial: 8250/16550 driver, 4 ports, IRQ sharing disabled
[    4.802599] cacheinfo: Unable to detect cache hierarchy for CPU 0
[    4.845979] brd: module loaded
[    4.868725] loop: module loaded
[    4.886196] rtc-pl031 9010000.pl031: registered as rtc0
[    4.889974] 9pnet: Installing 9P2000 support
[    4.892619] registered taskstats version 1
[    4.938011] Freeing unused kernel memory: 512K
[    4.975337] Run /init as init process
[    5.109282] systemd[1]: Inserted module 'autofs4'
[    5.131434] NET: Registered protocol family 10
[    5.140575] Segment Routing with IPv6
[    5.192537] systemd[1]: systemd 253 running in system mode (+PAM -AUDIT -SELINUX -APPARMOR +IMA -SMACK +SECCOMP -GCRYPT -GNUTLS -OPENSSL +ACL +BLKID -CURL -ELFUTILS -FIDO2 -IDN2 -IDN -IPTC +KMOD -LIBCRYPTSETUP +LIBFDISK -PCRE2 -PWQUALITY -P11KIT -QRENCODE -TPM2 -BZIP2 -LZ4 -XZ -ZLIB +ZSTD -BPF_FRAMEWORK -XKBCOMMON +UTMP +SYSVINIT default-hierarchy=hybrid)
[    5.193357] systemd[1]: Detected virtualization qemu.
[    5.193794] systemd[1]: Detected architecture arm64.

Welcome to [1mopenEuler Embedded(openEuler Embedded Reference Distro) 24.03-LTS (openEuler24_03-LTS)[0m!

[    5.303668] systemd[1]: Hostname set to <qemu-aarch64>.
[    5.305456] systemd[1]: Initializing machine ID from random generator.
[    5.824066] systemd-run-gen (372) used greatest stack depth: 13008 bytes left
[    5.838707] systemd-sysv-generator[374]: SysV service '/etc/init.d/umountnfs.sh' lacks a native systemd unit file. Automatically generating a unit file for compatibility. Please update package to include a native systemd unit file, in order to make it more safe and robust.
[    5.840778] systemd-sysv-generator[374]: SysV service '/etc/init.d/umountfs' lacks a native systemd unit file. Automatically generating a unit file for compatibility. Please update package to include a native systemd unit file, in order to make it more safe and robust.
[    5.851948] systemd-sysv-generator[374]: SysV service '/etc/init.d/sshd' lacks a native systemd unit file. Automatically generating a unit file for compatibility. Please update package to include a native systemd unit file, in order to make it more safe and robust.
[    5.853543] systemd-sysv-generator[374]: SysV service '/etc/init.d/single' lacks a native systemd unit file. Automatically generating a unit file for compatibility. Please update package to include a native systemd unit file, in order to make it more safe and robust.
[    5.854345] systemd-sysv-generator[374]: SysV service '/etc/init.d/sendsigs' lacks a native systemd unit file. Automatically generating a unit file for compatibility. Please update package to include a native systemd unit file, in order to make it more safe and robust.
[    5.855914] systemd-sysv-generator[374]: SysV service '/etc/init.d/save-rtc.sh' lacks a native systemd unit file. Automatically generating a unit file for compatibility. Please update package to include a native systemd unit file, in order to make it more safe and robust.
[    5.864335] systemd-sysv-generator[374]: SysV service '/etc/init.d/reboot' lacks a native systemd unit file. Automatically generating a unit file for compatibility. Please update package to include a native systemd unit file, in order to make it more safe and robust.
[    5.866506] systemd-sysv-generator[374]: SysV service '/etc/init.d/rc.sysinit' lacks a native systemd unit file. Automatically generating a unit file for compatibility. Please update package to include a native systemd unit file, in order to make it more safe and robust.
[    5.867236] systemd-sysv-generator[374]: SysV service '/etc/init.d/rcS' lacks a native systemd unit file. Automatically generating a unit file for compatibility. Please update package to include a native systemd unit file, in order to make it more safe and robust.
[    5.867863] systemd-sysv-generator[374]: SysV service '/etc/init.d/rcK' lacks a native systemd unit file. Automatically generating a unit file for compatibility. Please update package to include a native systemd unit file, in order to make it more safe and robust.
[    5.868496] systemd-sysv-generator[374]: SysV service '/etc/init.d/rc.functions' lacks a native systemd unit file. Automatically generating a unit file for compatibility. Please update package to include a native systemd unit file, in order to make it more safe and robust.
[    5.872533] systemd-sysv-generator[374]: SysV service '/etc/init.d/halt' lacks a native systemd unit file. Automatically generating a unit file for compatibility. Please update package to include a native systemd unit file, in order to make it more safe and robust.
[    5.873661] systemd-sysv-generator[374]: SysV service '/etc/init.d/dhcp-server' lacks a native systemd unit file. Automatically generating a unit file for compatibility. Please update package to include a native systemd unit file, in order to make it more safe and robust.
[    5.874871] systemd-sysv-generator[374]: SysV service '/etc/init.d/dhcp-relay' lacks a native systemd unit file. Automatically generating a unit file for compatibility. Please update package to include a native systemd unit file, in order to make it more safe and robust.
[    5.879549] systemd-sysv-generator[374]: SysV service '/etc/init.d/busybox-cron' lacks a native systemd unit file. Automatically generating a unit file for compatibility. Please update package to include a native systemd unit file, in order to make it more safe and robust.
[    6.519476] systemd[1]: Queued start job for default target Multi-User System.
[    6.598805] systemd[1]: Created slice Slice /system/getty.
[[0;32m  OK  [0m] Created slice [0;1;39mSlice /system/getty[0m.
[    6.616594] systemd[1]: Created slice Slice /system/modprobe.
[[0;32m  OK  [0m] Created slice [0;1;39mSlice /system/modprobe[0m.
[    6.631263] systemd[1]: Created slice Slice /system/serial-getty.
[[0;32m  OK  [0m] Created slice [0;1;39mSlice /system/serial-getty[0m.
[    6.642633] systemd[1]: Created slice User and Session Slice.
[[0;32m  OK  [0m] Created slice [0;1;39mUser and Session Slice[0m.
[    6.649695] systemd[1]: Started Dispatch Password Requests to Console Directory Watch.
[[0;32m  OK  [0m] Started [0;1;39mDispatch Password …ts to Console Directory Watch[0m.
[    6.657301] systemd[1]: Started Forward Password Requests to Wall Directory Watch.
[[0;32m  OK  [0m] Started [0;1;39mForward Password R…uests to Wall Directory Watch[0m.
[    6.661480] systemd[1]: Reached target Path Units.
[[0;32m  OK  [0m] Reached target [0;1;39mPath Units[0m.
[    6.663977] systemd[1]: Reached target Remote File Systems.
[[0;32m  OK  [0m] Reached target [0;1;39mRemote File Systems[0m.
[    6.666667] systemd[1]: Reached target Slice Units.
[[0;32m  OK  [0m] Reached target [0;1;39mSlice Units[0m.
[    6.667977] systemd[1]: Reached target Swaps.
[[0;32m  OK  [0m] Reached target [0;1;39mSwaps[0m.
[    6.674937] systemd[1]: Listening on RPCbind Server Activation Socket.
[[0;32m  OK  [0m] Listening on [0;1;39mRPCbind Server Activation Socket[0m.
[    6.676601] systemd[1]: Reached target RPC Port Mapper.
[[0;32m  OK  [0m] Reached target [0;1;39mRPC Port Mapper[0m.
[    6.681175] systemd[1]: Listening on Syslog Socket.
[[0;32m  OK  [0m] Listening on [0;1;39mSyslog Socket[0m.
[    6.686021] systemd[1]: Listening on initctl Compatibility Named Pipe.
[[0;32m  OK  [0m] Listening on [0;1;39minitctl Compatibility Named Pipe[0m.
[    6.692023] systemd[1]: Listening on Journal Audit Socket.
[[0;32m  OK  [0m] Listening on [0;1;39mJournal Audit Socket[0m.
[    6.696579] systemd[1]: Listening on Journal Socket (/dev/log).
[[0;32m  OK  [0m] Listening on [0;1;39mJournal Socket (/dev/log)[0m.
[    6.703490] systemd[1]: Listening on Journal Socket.
[[0;32m  OK  [0m] Listening on [0;1;39mJournal Socket[0m.
[    6.708745] systemd[1]: Listening on Network Service Netlink Socket.
[[0;32m  OK  [0m] Listening on [0;1;39mNetwork Service Netlink Socket[0m.
[    6.712571] systemd[1]: Listening on udev Control Socket.
[[0;32m  OK  [0m] Listening on [0;1;39mudev Control Socket[0m.
[    6.715980] systemd[1]: Listening on udev Kernel Socket.
[[0;32m  OK  [0m] Listening on [0;1;39mudev Kernel Socket[0m.
[    6.719179] systemd[1]: Listening on User Database Manager Socket.
[[0;32m  OK  [0m] Listening on [0;1;39mUser Database Manager Socket[0m.
[    6.759388] systemd[1]: Mounting Huge Pages File System...
         Mounting [0;1;39mHuge Pages File System[0m...
[    6.795897] systemd[1]: Mounting POSIX Message Queue File System...
         Mounting [0;1;39mPOSIX Message Queue File System[0m...
[    6.840453] systemd[1]: Mounting Kernel Debug File System...
         Mounting [0;1;39mKernel Debug File System[0m...
[    6.919566] systemd[1]: Mounting Kernel Trace File System...
         Mounting [0;1;39mKernel Trace File System[0m...
[    7.021355] systemd[1]: Starting Create List of Static Device Nodes...
         Starting [0;1;39mCreate List of Static Device Nodes[0m...
[    7.104685] systemd[1]: Starting Load Kernel Module configfs...
         Starting [0;1;39mLoad Kernel Module configfs[0m...
[    7.210484] systemd[1]: Starting Load Kernel Module drm...
         Starting [0;1;39mLoad Kernel Module drm[0m...
[    7.291597] systemd[1]: Starting Load Kernel Module fuse...
         Starting [0;1;39mLoad Kernel Module fuse[0m...
[    7.416045] systemd[1]: Starting RPC Bind...
         Starting [0;1;39mRPC Bind[0m...
[    7.420835] systemd[1]: Do depmod Before Load Kernel Modules was skipped because of an unmet condition check (ConditionFileNotEmpty=!/lib/modules/5.10.0-openeuler/modules.dep).
[    7.439435] systemd[1]: systemd-journald.service: unit configures an IP firewall, but the local system does not support BPF/cgroup firewalling.
[    7.439966] systemd[1]: (This warning is only shown for the first unit using IP firewalling.)
[    7.467839] systemd[1]: Starting Journal Service...
         Starting [0;1;39mJournal Service[0m...
[    7.471476] fuse: init (API version 7.33)
[    7.495755] modprobe (382) used greatest stack depth: 12912 bytes left
[    7.497762] systemd[1]: Starting Load Kernel Modules...
         Starting [0;1;39mLoad Kernel Modules[0m...
[    7.536799] systemd[1]: Starting Generate network units from Kernel command line...
         Starting [0;1;39mGenerate network …ts from Kernel command line[0m...
[    7.558774] systemd[1]: Starting Remount Root and Kernel File Systems...
         Starting [0;1;39mRemount Root and Kernel File Systems[0m...
[    7.597401] systemd[1]: Starting Coldplug All udev Devices...
         Starting [0;1;39mColdplug All udev Devices[0m...
[    7.657880] systemd[1]: Started RPC Bind.
[[0;32m  OK  [0m] Started [0;1;39mRPC Bind[0m.
[    7.661525] systemd[1]: Mounted Huge Pages File System.
[[0;32m  OK  [0m] Mounted [0;1;39mHuge Pages File System[0m.
[    7.663193] systemd[1]: Mounted POSIX Message Queue File System.
[[0;32m  OK  [0m] Mounted [0;1;39mPOSIX Message Queue File System[0m.
[    7.664478] systemd[1]: Mounted Kernel Debug File System.
[[0;32m  OK  [0m] Mounted [0;1;39mKernel Debug File System[0m.
[    7.687798] systemd[1]: Mounted Kernel Trace File System.
[[0;32m  OK  [0m] Mounted [0;1;39mKernel Trace File System[0m.
[    7.692663] systemd[1]: Finished Create List of Static Device Nodes.
[[0;32m  OK  [0m] Finished [0;1;39mCreate List of Static Device Nodes[0m.
[    7.699430] systemd[1]: modprobe@configfs.service: Deactivated successfully.
[    7.702579] systemd[1]: Finished Load Kernel Module configfs.
[[0;32m  OK  [0m] Finished [0;1;39mLoad Kernel Module configfs[0m.
[    7.721961] 8021q: 802.1Q VLAN Support v1.8
[    7.741371] systemd[1]: modprobe@drm.service: Deactivated successfully.
[    7.744092] systemd[1]: Finished Load Kernel Module drm.
[    7.758658] NET: Registered protocol family 17
[[0;32m  OK  [0m] Finished [0;1;39mLoad Kernel Module drm[0m.
[    7.779159] systemd[1]: modprobe@fuse.service: Deactivated successfully.
[    7.781945] systemd[1]: Finished Load Kernel Module fuse.
[[0;32m  OK  [0m] Finished [0;1;39mLoad Kernel Module fuse[0m.
[    7.818650] systemd[1]: Finished Generate network units from Kernel command line.
[[0;32m  OK  [0m] Finished [0;1;39mGenerate network units from Kernel command line[0m.
[    7.843569] systemd-journald[384]: Collecting audit messages is enabled.
[    7.887346] systemd[1]: Mounting FUSE Control File System...
         Mounting [0;1;39mFUSE Control File System[0m...
[    7.891557] systemd[1]: Kernel Configuration File System was skipped because of an unmet condition check (ConditionPathExists=/sys/kernel/config).
[    7.917363] RPC: Registered named UNIX socket transport module.
[    7.917571] RPC: Registered udp transport module.
[    7.917638] RPC: Registered tcp transport module.
[    7.917704] RPC: Registered tcp NFSv4.1 backchannel transport module.
[    7.943799] systemd[1]: Finished Remount Root and Kernel File Systems.
[[0;32m  OK  [0m] Finished [0;1;39mRemount Root and Kernel File Systems[0m.
[    7.958224] systemd[1]: Rebuild Hardware Database was skipped because no trigger condition checks were met.
[    7.960296] FS-Cache: Loaded
[    8.002486] systemd[1]: Starting Create System Users...
         Starting [0;1;39mCreate System Users[0m...
[    8.043595] audit: type=1325 audit(7.990:2): table=nat family=10 entries=0 op=xt_register pid=385 comm="systemd-modules"
[    8.064299] ipip: IPv4 and MPLS over IPv4 tunneling driver
[    8.067074] systemd-journald[384]: /dev/kmsg buffer overrun, some messages lost.
[    8.089128] systemd[1]: Started Journal Service.
[[0;32m  OK  [0m] Started [0;1;39mJournal Service[0m.
[[0;32m  OK  [0m] Mounted [0;1;39mFUSE Control File System[0m.
         Starting [0;1;39mFlush Journal to Persistent Storage[0m...
[    8.403558] systemd-journald[384]: Received client request to flush runtime journal.
[    8.504220] Installing knfsd (copyright (C) 1996 okir@monad.swb.de).
[[0;32m  OK  [0m] Finished [0;1;39mFlush Journal to Persistent Storage[0m.
[[0;32m  OK  [0m] Finished [0;1;39mCreate System Users[0m.
         Starting [0;1;39mCreate Static Device Nodes in /dev[0m...
[    8.655225] SCSI subsystem initialized
[    8.701314] systemd-modules (385) used greatest stack depth: 12512 bytes left
[[0;32m  OK  [0m] Finished [0;1;39mLoad Kernel Modules[0m.
         Mounting [0;1;39mNFSD configuration filesystem[0m...
         Starting [0;1;39mApply Kernel Variables[0m...
[[0;32m  OK  [0m] Finished [0;1;39mColdplug All udev Devices[0m.
[[0;32m  OK  [0m] Mounted [0;1;39mNFSD configuration filesystem[0m.
[[0;32m  OK  [0m] Finished [0;1;39mCreate Static Device Nodes in /dev[0m.
[[0;32m  OK  [0m] Reached target [0;1;39mPreparation for Local File Systems[0m.
         Mounting [0;1;39m/tmp[0m...
         Mounting [0;1;39m/var/volatile[0m...
         Starting [0;1;39mRule-based Manage…for Device Events and Files[0m...
[[0;32m  OK  [0m] Finished [0;1;39mApply Kernel Variables[0m.
[[0;32m  OK  [0m] Mounted [0;1;39m/tmp[0m.
[[0;32m  OK  [0m] Mounted [0;1;39m/var/volatile[0m.
         Starting [0;1;39mLoad/Save OS Random Seed[0m...
[[0;32m  OK  [0m] Reached target [0;1;39mLocal File Systems[0m.
         Starting [0;1;39mRebuild Dynamic Linker Cache[0m...
         Starting [0;1;39mCreate Volatile Files and Directories[0m...
[[0;32m  OK  [0m] Finished [0;1;39mRebuild Dynamic Linker Cache[0m.
[[0;32m  OK  [0m] Started [0;1;39mRule-based Manager for Device Events and Files[0m.
[[0;32m  OK  [0m] Finished [0;1;39mCreate Volatile Files and Directories[0m.
         Starting [0;1;39mSecurity Auditing Service[0m...
         Starting [0;1;39mRun pending postinsts[0m...
         Starting [0;1;39mRebuild Journal Catalog[0m...
         Starting [0;1;39mNetwork Name Resolution[0m...
         Starting [0;1;39mNetwork Time Synchronization[0m...
[[0m[0;31m*     [0m] (1 of 6) A start job is running for…y Auditing Service (6s / no limit)
M[K[[0;1;31m*[0m[0;31m*    [0m] (1 of 6) A start job is running for…y Auditing Service (6s / no limit)
M[K[[0;32m  OK  [0m] Finished [0;1;39mRebuild Journal Catalog[0m.
[K[   13.327333] audit: type=1305 audit(13.280:3): op=set audit_enabled=1 old=1 auid=4294967295 ses=4294967295 res=1
         Starting [0;1;39mUpdate is Completed[0m...
[[0;32m  OK  [0m] Finished [0;1;39mUpdate is Completed[0m.
[   15.327768] random: crng init done
[[0;32m  OK  [0m] Finished [0;1;39mLoad/Save OS Random Seed[0m.
[[0;32m  OK  [0m] Started [0;1;39mSecurity Auditing Service[0m.
         Starting [0;1;39mRecord System Boot/Shutdown in UTMP[0m...
[[0;32m  OK  [0m] Finished [0;1;39mRecord System Boot/Shutdown in UTMP[0m.
[[0;32m  OK  [0m] Started [0;1;39mNetwork Time Synchronization[0m.
[[0;32m  OK  [0m] Reached target [0;1;39mSystem Time Set[0m.
[[0;32m  OK  [0m] Started [0;1;39mNetwork Name Resolution[0m.
[[0;32m  OK  [0m] Reached target [0;1;39mHost and Network Name Lookups[0m.
[[0;31m*[0;1;31m*[0m[0;31m*   [0m] A start job is running for Run pending postinsts (13s / no limit)
M[K[ [0;31m*[0;1;31m*[0m[0;31m*  [0m] A start job is running for Run pending postinsts (13s / no limit)
M[K[  [0;31m*[0;1;31m*[0m[0;31m* [0m] A start job is running for Run pending postinsts (14s / no limit)
M[K[   [0;31m*[0;1;31m*[0m[0;31m*[0m] A start job is running for Run pending postinsts (15s / no limit)
M[K[    [0;31m*[0;1;31m*[0m] A start job is running for Run pending postinsts (15s / no limit)
M[K[[0;32m  OK  [0m] Finished [0;1;39mRun pending postinsts[0m.
[K[[0;32m  OK  [0m] Reached target [0;1;39mSystem Initialization[0m.
[[0;32m  OK  [0m] Started [0;1;39mDaily rotation of log files[0m.
[[0;32m  OK  [0m] Started [0;1;39mDaily Cleanup of Temporary Directories[0m.
[[0;32m  OK  [0m] Reached target [0;1;39mTimer Units[0m.
[[0;32m  OK  [0m] Listening on [0;1;39mD-Bus System Message Bus Socket[0m.
         Starting [0;1;39msshd.socket[0m...
[[0;32m  OK  [0m] Listening on [0;1;39msshd.socket[0m.
[[0;32m  OK  [0m] Reached target [0;1;39mSocket Units[0m.
[[0;32m  OK  [0m] Reached target [0;1;39mBasic System[0m.
[[0;32m  OK  [0m] Started [0;1;39mPeriodic Command Scheduler[0m.
         Starting [0;1;39mD-Bus System Message Bus[0m...
         Starting [0;1;39mdhcp-server.service[0m...
         Starting [0;1;39mUpdate RTC With System Clock[0m...
         Starting [0;1;39mIPv6 Packet Filtering Framework[0m...
         Starting [0;1;39mIPv4 Packet Filtering Framework[0m...
         Starting [0;1;39mUser Login Management[0m...
         Starting [0;1;39mOpenSSH Key Generation[0m...
[[0;1;31mFAILED[0m] Failed to start [0;1;39mUpdate RTC With System Clock[0m.
See 'systemctl status hwclock-save.service' for details.
[[0;32m  OK  [0m] Finished [0;1;39mIPv6 Packet Filtering Framework[0m.
[[0;32m  OK  [0m] Finished [0;1;39mIPv4 Packet Filtering Framework[0m.
[[0;32m  OK  [0m] Reached target [0;1;39mPreparation for Network[0m.
         Starting [0;1;39mNetwork Configuration[0m...
[[0;32m  OK  [0m] Started [0;1;39mD-Bus System Message Bus[0m.
[[0;32m  OK  [0m] Started [0;1;39mdhcp-server.service[0m.
[[0;32m  OK  [0m] Started [0;1;39mUser Login Management[0m.
[[0;32m  OK  [0m] Started [0;1;39mNetwork Configuration[0m.
[[0;32m  OK  [0m] Reached target [0;1;39mNetwork[0m.
[[0;32m  OK  [0m] Started [0;1;39mNFS status monitor for NFSv2/3 locking.[0m.
[   24.720370] 8021q: adding VLAN 0 to HW filter on device eth0
         Starting [0;1;39mWait for Network to be Configured[0m...
         Starting [0;1;39mPermit User Sessions[0m...
[   24.965853] IPv4: martian source 255.255.255.255 from 10.0.2.2, on dev eth0
[   24.966586] ll header: 00000000: ff ff ff ff ff ff 52 55 0a 00 02 02 08 00
[   25.001868] IPv4: martian source 255.255.255.255 from 10.0.2.2, on dev eth0
[   25.002246] ll header: 00000000: ff ff ff ff ff ff 52 55 0a 00 02 02 08 00
[[0;32m  OK  [0m] Finished [0;1;39mPermit User Sessions[0m.
[[0;32m  OK  [0m] Started [0;1;39mSerial Getty on ttyAMA0[0m.
[[0;32m  OK  [0m] Reached target [0;1;39mLogin Prompts[0m.
[[0;32m  OK  [0m] Finished [0;1;39mOpenSSH Key Generation[0m.
[   29.963912] systemd-journald[384]: Oldest entry in /run/log/journal/451e1148568049bc8f882be374f2248c/system.journal is older than the configured file retention duration (1month), suggesting rotation.
[   29.971517] systemd-journald[384]: /run/log/journal/451e1148568049bc8f882be374f2248c/system.journal: Journal header limits reached or header out-of-date, rotating.
         Starting [0;1;39mRotate log files[0m...

openEuler Embedded(openEuler Embedded Reference Distro) 24.03-LTS qemu-aarch64 ttyAMA0

                         ______      _
                        |  ____|    | |
   ___  ____   ___ _____| |__  _   _| | ___ _ __ 
  / _ \|  _ \ / _ \  _  |  __|| | | | |/ _ \ '__|
 | (_) | |_) |  __/ | | | |___| |_| | |  __/ |
  \___/|  __/ \___|_| |_|______\____|_|\___|_|
       | |   _____       _         _   _       _
       |_|  |   __|_____| |_ ___ _| |_| |___ _| |
            |   __|     | . | -_| . | . | -_| . |
            |_____|_|_|_|___|___|___|___|___|___|


Authorized uses only. All activity may be monitored and reported.

qemu-aarch64 login: [  142.365976] sshd (887) used greatest stack depth: 12336 bytes left
[  145.370165] systemd-journald[384]: Time jumped backwards, rotating.
qemu-system-aarch64: terminating on signal 15 from pid 9205 (/bin/bash)
